
[2m> [22m[2mnx run[22m web-angular:serve:development

[33m❯[39m Building...
[32m✔[39m Building...
[37m[1mInitial chunk files[22m[2m | [22m[1mNames[22m         [2m | [22m [1mRaw size[22m
[32mchunk-DZ44ZD6U.js[37m  [2m | [22m[2m-[22m             [2m | [22m [36m31.42 kB[37m[2m | [22m
[32mchunk-7QU4EHKZ.js[37m  [2m | [22m[2m-[22m             [2m | [22m [36m15.87 kB[37m[2m | [22m
[32mchunk-BACUZXYZ.js[37m  [2m | [22m[2m-[22m             [2m | [22m [36m15.26 kB[37m[2m | [22m
[32mstyles.css[37m         [2m | [22m[2mstyles[22m        [2m | [22m [36m10.54 kB[37m[2m | [22m
[32mmain.js[37m            [2m | [22m[2mmain[22m          [2m | [22m  [36m8.54 kB[37m[2m | [22m
[32mchunk-HJRM73SH.js[37m  [2m | [22m[2m-[22m             [2m | [22m  [36m8.04 kB[37m[2m | [22m
[32mchunk-VUJOFXKG.js[37m  [2m | [22m[2m-[22m             [2m | [22m[36m938 bytes[37m[2m | [22m
[1m [22m                  [2m | [22m[1mInitial total[22m [2m | [22m [1m90.61 kB[22m
[1mLazy chunk files[22m   [2m | [22m[1mNames[22m         [2m | [22m [1mRaw size[22m
[32mchunk-MPG2UYCG.js[37m  [2m | [22m[2mregister[22m      [2m | [22m[36m553.60 kB[37m[2m | [22m
[32mchunk-ZSDYK25W.js[37m  [2m | [22m[2mhome[22m          [2m | [22m[36m462.68 kB[37m[2m | [22m
[32mchunk-IC5NPW62.js[37m  [2m | [22m[2mprofile-list[22m  [2m | [22m[36m260.90 kB[37m[2m | [22m
[32mchunk-5JCGSJJL.js[37m  [2m | [22m[2medit-profile[22m  [2m | [22m[36m198.53 kB[37m[2m | [22m
[32mchunk-MUQDRCMH.js[37m  [2m | [22m[2mlanding[22m       [2m | [22m[36m170.82 kB[37m[2m | [22m
[32mchunk-D43T4WZH.js[37m  [2m | [22m[2mpublic-search[22m [2m | [22m[36m124.51 kB[37m[2m | [22m
[32mchunk-PHG5KJEZ.js[37m  [2m | [22m[2mprofile-detail[22m[2m | [22m [36m80.27 kB[37m[2m | [22m
[32mchunk-X7TX5MZD.js[37m  [2m | [22m[2mmy-profile[22m    [2m | [22m [36m71.92 kB[37m[2m | [22m
[32mchunk-USF3RWU7.js[37m  [2m | [22m[2m-[22m             [2m | [22m [36m40.01 kB[37m[39m
[37m[2m | [22m
[32mchunk-XTWQV7JM.js[37m  [2m | [22m[2mlayout[22m        [2m | [22m [36m38.37 kB[37m[2m | [22m
[32mchunk-HFUC64AC.js[37m  [2m | [22m[2mplans[22m         [2m | [22m [36m28.81 kB[37m[2m | [22m
[32mchunk-CH6TCHVP.js[37m  [2m | [22m[2mlogin[22m         [2m | [22m [36m26.60 kB[37m[2m | [22m
[32mchunk-YXCH2LRW.js[37m  [2m | [22m[2minterests[22m     [2m | [22m [36m22.19 kB[37m[2m | [22m
[32mchunk-EYZQUQ36.js[37m  [2m | [22m[2mshortlists[22m    [2m | [22m [36m17.85 kB[37m[2m | [22m
[32mchunk-SKFIOHVQ.js[37m  [2m | [22m[2mmessages[22m      [2m | [22m [36m17.48 kB[37m[2m | [22m
[2m...and 8 more lazy chunks files. Use "--verbose" to show all the files.[22m
Application bundle generation complete. [8.940 seconds] - 2026-07-26T16:53:10.818Z
[39m
[37mWatch mode enabled. Watching for file changes...[39m
[37mNOTE: Raw file sizes do not reflect development server per-request transformations.[39m
  [32m➜[39m  [1mLocal[22m:   [36mhttp://localhost:[1m4200[22m/[39m
[2m[32m  ➜[39m[22m[2m  press [22m[1mh + enter[22m[2m to show help[22m
[33m❯[39m Changes detected. Rebuilding...
[32m✔[39m Changes detected. Rebuilding...
[37m[1mInitial chunk files[22m[2m | [22m[1mNames[22m [2m | [22m[1mRaw size[22m
[32mstyles.css[37m         [2m | [22m[2mstyles[22m[2m | [22m[36m12.56 kB[37m[2m | [22m
Application bundle generation complete. [0.037 seconds] - 2026-07-26T17:00:48.831Z
[39m
[37mStylesheet update sent to client(s).[39m
